// Jest Snapshot v1, https://goo.gl/fbAQLP

exports[`lg-input input-password 1`] = `
<div>
  <input
    type="password"
  />
</div>
`;
